// Jest Snapshot v1, https://goo.gl/fbAQLP

exports[`Reflection renders the Reflection component 1`] = `[Function]`;

exports[`Reflection renders the Reflection component 2`] = `[Function]`;
